{
	"pools": [
		{
			"rolls": 1,
			"entries": [
				{
					"type": "loot_table",
					"name": "bityard:attribute_gear/golden/armor/healthy"
				},
				{
					"type": "loot_table",
					"name": "bityard:attribute_gear/golden/armor/lucky"
				},
				{
					"type": "loot_table",
					"name": "bityard:attribute_gear/golden/armor/strong"
				},
				{
					"type": "loot_table",
					"name": "bityard:attribute_gear/golden/armor/sturdy"
				},
				{
					"type": "loot_table",
					"name": "bityard:attribute_gear/golden/armor/swift"
				}
			]
		}
	]
}