{
	"pools": [
		{
			"rolls": 1,
			"entries": [
				{
					"type": "loot_table",
					"name": "bityard:attribute_gear/golden/tools/healthy"
				},
				{
					"type": "loot_table",
					"name": "bityard:attribute_gear/golden/tools/lucky"
				},
				{
					"type": "loot_table",
					"name": "bityard:attribute_gear/golden/tools/strong"
				},
				{
					"type": "loot_table",
					"name": "bityard:attribute_gear/golden/tools/sturdy"
				},
				{
					"type": "loot_table",
					"name": "bityard:attribute_gear/golden/tools/swift"
				}
			]
		}
	]
}