{
  "pools": [
    {
      "rolls": 1,
      "entries": [
        {
          "type": "item",
          "name": "minecraft:golden_helmet",
          "weight": 1,
          "functions": [
            {
              "function": "set_nbt",
              "tag": "{loot_type:\"attribute_gear\", display: {Name: \"{\\\"italic\\\":\\\"false\\\", \\\"text\\\":\\\"Healthy Golden Helmet\\\"}\"}}"
            },
            {
              "function": "set_attributes",
              "modifiers": [
                {
                  "attribute": "generic.armor",
                  "name": "Armor",
                  "amount": 2.0,
                  "operation": "addition",
                  "slot": "head"
                },
                {
                  "attribute": "generic.maxHealth",
                  "name": "Max Health",
                  "amount": 2.0,
                  "operation": "addition",
                  "slot": "head"
                }
              ]
            }
          ]
        },
        {
          "type": "item",
          "name": "minecraft:golden_chestplate",
          "weight": 1,
          "functions": [
            {
              "function": "set_nbt",
              "tag": "{loot_type:\"attribute_gear\", display: {Name: \"{\\\"italic\\\":\\\"false\\\", \\\"text\\\":\\\"Healthy Golden Chestplate\\\"}\"}}"
            },
            {
              "function": "set_attributes",
              "modifiers": [
                {
                  "attribute": "generic.armor",
                  "name": "Armor",
                  "amount": 5.0,
                  "operation": "addition",
                  "slot": "chest"
                },
                {
                  "attribute": "generic.maxHealth",
                  "name": "Max Health",
                  "amount": 2.0,
                  "operation": "addition",
                  "slot": "chest"
                }
              ]
            }
          ]
        },
        {
          "type": "item",
          "name": "minecraft:golden_leggings",
          "weight": 1,
          "functions": [
            {
              "function": "set_nbt",
              "tag": "{loot_type:\"attribute_gear\", display: {Name: \"{\\\"italic\\\":\\\"false\\\", \\\"text\\\":\\\"Healthy Golden Leggings\\\"}\"}}"
            },
            {
              "function": "set_attributes",
              "modifiers": [
                {
                  "attribute": "generic.armor",
                  "name": "Armor",
                  "amount": 3.0,
                  "operation": "addition",
                  "slot": "legs"
                },
                {
                  "attribute": "generic.maxHealth",
                  "name": "Max Health",
                  "amount": 2.0,
                  "operation": "addition",
                  "slot": "legs"
                }
              ]
            }
          ]
        },
        {
          "type": "item",
          "name": "minecraft:golden_boots",
          "weight": 1,
          "functions": [
            {
              "function": "set_nbt",
              "tag": "{loot_type:\"attribute_gear\", display: {Name: \"{\\\"italic\\\":\\\"false\\\", \\\"text\\\":\\\"Healthy Golden Boots\\\"}\"}}"
            },
            {
              "function": "set_attributes",
              "modifiers": [
                {
                  "attribute": "generic.armor",
                  "name": "Armor",
                  "amount": 1.0,
                  "operation": "addition",
                  "slot": "feet"
                },
                {
                  "attribute": "generic.maxHealth",
                  "name": "Max Health",
                  "amount": 2.0,
                  "operation": "addition",
                  "slot": "feet"
                }
              ]
            }
          ]
        }
      ]
    }
  ]
}